../Core/Src/main.c:111:6:HAL_ADC_ConvHalfCpltCallback	16	static
../Core/Src/main.c:115:6:HAL_ADC_ConvCpltCallback	16	static
../Core/Src/main.c:126:5:main	8	static
../Core/Src/main.c:234:6:SystemClock_Config	120	static
../Core/Src/main.c:290:13:MX_ADC2_Init	40	static
../Core/Src/main.c:350:13:MX_TIM3_Init	40	static
../Core/Src/main.c:395:13:MX_USART1_UART_Init	8	static
../Core/Src/main.c:441:13:MX_DMA_Init	16	static
../Core/Src/main.c:459:13:MX_GPIO_Init	48	static
../Core/Src/main.c:511:8:map_voltage	16	static
../Core/Src/main.c:565:6:StartBlink01	16	static
../Core/Src/main.c:593:6:StartBlink02	16	static
../Core/Src/main.c:620:6:handleMicInput	40	static
../Core/Src/main.c:655:6:MPU_Config	24	static
../Core/Src/main.c:690:6:HAL_TIM_PeriodElapsedCallback	16	static
../Core/Src/main.c:708:6:Error_Handler	4	static,ignoring_inline_asm
