../Core/Src/main.c:111:6:HAL_ADC_ConvHalfCpltCallback	16	static
../Core/Src/main.c:115:6:HAL_ADC_ConvCpltCallback	16	static
../Core/Src/main.c:128:5:main	8	static
../Core/Src/main.c:236:6:SystemClock_Config	120	static
../Core/Src/main.c:292:13:MX_ADC2_Init	40	static
../Core/Src/main.c:352:13:MX_TIM3_Init	40	static
../Core/Src/main.c:397:13:MX_USART1_UART_Init	8	static
../Core/Src/main.c:443:13:MX_DMA_Init	16	static
../Core/Src/main.c:461:13:MX_GPIO_Init	48	static
../Core/Src/main.c:513:8:map_voltage	16	static
../Core/Src/main.c:534:6:goertzel	112	static
../Core/Src/main.c:574:6:StartBlink01	16	static
../Core/Src/main.c:595:6:StartBlink02	16	static
../Core/Src/main.c:614:6:handleMicInput	32	static
../Core/Src/main.c:657:6:MPU_Config	24	static
../Core/Src/main.c:692:6:HAL_TIM_PeriodElapsedCallback	16	static
../Core/Src/main.c:710:6:Error_Handler	4	static,ignoring_inline_asm
